<html>
<body>
<pre>
<h1>µVision Build Log</h1>
<h2>Tool Versions:</h2>
IDE-Version: ¦ÌVision V5.34.0.0
Copyright (C) 2021 ARM Ltd and ARM Germany GmbH. All rights reserved.
License Information: \ Administrator,  , LIC=GMZI6-DZPXZ-CXTU6-D5KDZ-VZYP8-MQWFK
 
Tool Versions:
Toolchain:       MDK-ARM Plus  Version: 5.34.0.0
Toolchain Path:  D:\01_Embedded\04_Tool\keil5\ARM\ARMCC\Bin
C Compiler:      Armcc.exe V5.06 update 7 (build 960)
Assembler:       Armasm.exe V5.06 update 7 (build 960)
Linker/Locator:  ArmLink.exe V5.06 update 7 (build 960)
Library Manager: ArmAr.exe V5.06 update 7 (build 960)
Hex Converter:   FromElf.exe V5.06 update 7 (build 960)
CPU DLL:         SARMCM3.DLL V5.34.0.0
Dialog DLL:      DCM.DLL V1.17.3.0
Target DLL:      STLink\ST-LINKIII-KEIL_SWO.dll V3.0.8.0
Dialog DLL:      TCM.DLL V1.48.0.0
 
<h2>Project:</h2>
D:\01_Embedded\01_Project\Autonomous_Robot_260520\MDK-ARM\Template_STM32F407VET6_Hal_20260520.uvprojx
Project File Date:  05/23/2026

<h2>Output:</h2>
*** Using Compiler 'V5.06 update 7 (build 960)', folder: 'D:\01_Embedded\04_Tool\keil5\ARM\ARMCC\Bin'
Build target 'Template_STM32F407VET6_Hal_20260520'
assembling startup_stm32f407xx.s...
compiling stm32f4xx_it.c...
compiling stm32f4xx_hal_msp.c...
compiling tim.c...
compiling stm32f4xx_hal_flash.c...
compiling stm32f4xx_hal_flash_ex.c...
compiling stm32f4xx_hal_rcc_ex.c...
compiling stm32f4xx_hal_rcc.c...
compiling gpio.c...
compiling stm32f4xx_hal_timebase_tim.c...
compiling main.c...
../Test/Inc/test_motor.h(21): warning:  #1-D: last line of file ends without a newline
  #endif /* __TEST_MOTOR_H__ */
../Core/Src/main.c: 1 warning, 0 errors
compiling stm32f4xx_hal_tim_ex.c...
compiling freertos.c...
compiling croutine.c...
compiling stm32f4xx_hal_tim.c...
compiling list.c...
compiling event_groups.c...
compiling stm32f4xx_hal_gpio.c...
compiling stm32f4xx_hal_flash_ramfunc.c...
compiling queue.c...
compiling stream_buffer.c...
compiling tasks.c...
compiling timers.c...
compiling heap_4.c...
compiling bsp_imu.c...
compiling port.c...
compiling bsp_spi.c...
compiling bsp_i2c.c...
compiling bsp_uart.c...
compiling bsp_can.c...
compiling bsp_oled.c...
compiling bsp_esp8266.c...
compiling bsp_nrf24l01.c...
compiling task_manager.c...
compiling stm32f4xx_hal_dma.c...
compiling stm32f4xx_hal_pwr.c...
compiling stm32f4xx_hal_pwr_ex.c...
compiling stm32f4xx_hal_cortex.c...
compiling stm32f4xx_hal_dma_ex.c...
compiling stm32f4xx_hal_exti.c...
compiling system_stm32f4xx.c...
compiling stm32f4xx_hal.c...
compiling bsp_motor.c...
compiling test_motor.c...
../Test/Inc/test_motor.h(21): warning:  #1-D: last line of file ends without a newline
  #endif /* __TEST_MOTOR_H__ */
..\Test\Src\test_motor.c(46): warning:  #1-D: last line of file ends without a newline
  }
..\Test\Src\test_motor.c: 2 warnings, 0 errors
compiling cmsis_os2.c...
linking...
Program Size: Code=12896 RO-data=496 RW-data=148 ZI-data=25612  
FromELF: creating hex file...
"Template_STM32F407VET6_Hal_20260520\Template_STM32F407VET6_Hal_20260520.axf" - 0 Error(s), 3 Warning(s).

<h2>Software Packages used:</h2>

Package Vendor: ARM
                http://www.keil.com/pack/ARM.CMSIS.5.7.0.pack
                ARM.CMSIS.5.7.0
                CMSIS (Cortex Microcontroller Software Interface Standard)
   * Component: CORE Version: 5.4.0

Package Vendor: Keil
                http://www.keil.com/pack/Keil.STM32F4xx_DFP.2.15.0.pack
                Keil.STM32F4xx_DFP.2.15.0
                STMicroelectronics STM32F4 Series Device Support, Drivers and Examples

<h2>Collection of Component include folders:</h2>
  .\RTE\_Template_STM32F407VET6_Hal_20260520
  D:\01_Embedded\04_Tool\keil5\Packs\ARM\CMSIS\5.7.0\CMSIS\Core\Include
  D:\01_Embedded\04_Tool\keil5\Packs\Keil\STM32F4xx_DFP\2.15.0\Drivers\CMSIS\Device\ST\STM32F4xx\Include

<h2>Collection of Component Files used:</h2>

   * Component: ARM::CMSIS:CORE:5.4.0
      Include file:  CMSIS\Core\Include\tz_context.h
Build Time Elapsed:  00:00:28
</pre>
</body>
</html>
